
> progetto-bussola@0.1.0 build
> next build

   ▲ Next.js 15.5.7

   Creating an optimized production build ...
> [PWA] Compile server
> [PWA] Compile server
> [PWA] Compile client (static)
> [PWA] Auto register service worker with: /home/colors/bussola/progetto-bussola/node_modules/next-pwa/register.js
> [PWA] Service worker: /home/colors/bussola/progetto-bussola/public/sw.js
> [PWA]   url: /sw.js
> [PWA]   scope: /
[Error: Cannot apply unknown utility class `bg-deep-blue`]
<w> [webpack.cache.PackFileCacheStrategy] Skipped not serializable cache item 'Compilation/modules|/home/colors/bussola/progetto-bussola/node_modules/next/dist/build/webpack/loaders/css-loader/src/index.js??ruleSet[1].rules[14].oneOf[10].use[2]!/home/colors/bussola/progetto-bussola/node_modules/next/dist/build/webpack/loaders/postcss-loader/src/index.js??ruleSet[1].rules[14].oneOf[10].use[3]!/home/colors/bussola/progetto-bussola/src/app/globals.css': No serializer registered for PostCSSSyntaxError
<w> while serializing webpack/lib/cache/PackFileCacheStrategy.PackContentItems -> webpack/lib/NormalModule -> webpack/lib/ModuleBuildError -> PostCSSSyntaxError
Failed to compile.

./src/app/globals.css:1:1
Syntax error: tailwindcss: /home/colors/bussola/progetto-bussola/src/app/globals.css Cannot apply unknown utility class `bg-deep-blue`

> 1 | @import "tailwindcss";
    | ^
  2 | 
  3 | @theme {

./src/app/globals.css
Syntax error: tailwindcss: /home/colors/bussola/progetto-bussola/src/app/globals.css Cannot apply unknown utility class `bg-deep-blue` (1:1)

[1m[31m>[39m[22m[90m 1 | [39m[36m@import[39m [32m"tailwindcss"[39m[33m;[39m
 [90m   | [39m[1m[31m^[39m[22m
 [90m 2 | [39m
 [90m 3 | [39m[36m@theme[39m [33m{[39m

    at tryRunOrWebpackError (/home/colors/bussola/progetto-bussola/node_modules/next/dist/compiled/webpack/bundle5.js:29:316119)
    at __webpack_require_module__ (/home/colors/bussola/progetto-bussola/node_modules/next/dist/compiled/webpack/bundle5.js:29:131532)
    at __nested_webpack_require_161494__ (/home/colors/bussola/progetto-bussola/node_modules/next/dist/compiled/webpack/bundle5.js:29:130967)
    at /home/colors/bussola/progetto-bussola/node_modules/next/dist/compiled/webpack/bundle5.js:29:131824
    at symbolIterator (/home/colors/bussola/progetto-bussola/node_modules/next/dist/compiled/neo-async/async.js:1:14444)
    at done (/home/colors/bussola/progetto-bussola/node_modules/next/dist/compiled/neo-async/async.js:1:14824)
    at Hook.eval [as callAsync] (eval at create (/home/colors/bussola/progetto-bussola/node_modules/next/dist/compiled/webpack/bundle5.js:14:9224), <anonymous>:15:1)
    at Hook.CALL_ASYNC_DELEGATE [as _callAsync] (/home/colors/bussola/progetto-bussola/node_modules/next/dist/compiled/webpack/bundle5.js:14:6378)
    at /home/colors/bussola/progetto-bussola/node_modules/next/dist/compiled/webpack/bundle5.js:29:130687
    at symbolIterator (/home/colors/bussola/progetto-bussola/node_modules/next/dist/compiled/neo-async/async.js:1:14402)
    at timesSync (/home/colors/bussola/progetto-bussola/node_modules/next/dist/compiled/neo-async/async.js:1:5027)
    at Object.eachLimit (/home/colors/bussola/progetto-bussola/node_modules/next/dist/compiled/neo-async/async.js:1:14208)
    at /home/colors/bussola/progetto-bussola/node_modules/next/dist/compiled/webpack/bundle5.js:29:130247
    at symbolIterator (/home/colors/bussola/progetto-bussola/node_modules/next/dist/compiled/neo-async/async.js:1:14444)
    at timesSync (/home/colors/bussola/progetto-bussola/node_modules/next/dist/compiled/neo-async/async.js:1:5027)
    at Object.eachLimit (/home/colors/bussola/progetto-bussola/node_modules/next/dist/compiled/neo-async/async.js:1:14208)
    at /home/colors/bussola/progetto-bussola/node_modules/next/dist/compiled/webpack/bundle5.js:29:129985
    at symbolIterator (/home/colors/bussola/progetto-bussola/node_modules/next/dist/compiled/neo-async/async.js:1:14444)
    at done (/home/colors/bussola/progetto-bussola/node_modules/next/dist/compiled/neo-async/async.js:1:14824)
    at /home/colors/bussola/progetto-bussola/node_modules/next/dist/compiled/webpack/bundle5.js:29:129496
    at /home/colors/bussola/progetto-bussola/node_modules/next/dist/compiled/webpack/bundle5.js:29:110347
    at /home/colors/bussola/progetto-bussola/node_modules/next/dist/compiled/webpack/bundle5.js:29:16152
    at Array.<anonymous> (/home/colors/bussola/progetto-bussola/node_modules/next/dist/compiled/webpack/bundle5.js:29:551693)
    at /home/colors/bussola/progetto-bussola/node_modules/next/dist/compiled/webpack/bundle5.js:29:16144
    at eval (eval at create (/home/colors/bussola/progetto-bussola/node_modules/next/dist/compiled/webpack/bundle5.js:14:9224), <anonymous>:27:1)
-- inner error --
Syntax error: tailwindcss: /home/colors/bussola/progetto-bussola/src/app/globals.css Cannot apply unknown utility class `bg-deep-blue` (1:1)

[1m[31m>[39m[22m[90m 1 | [39m[36m@import[39m [32m"tailwindcss"[39m[33m;[39m
 [90m   | [39m[1m[31m^[39m[22m
 [90m 2 | [39m
 [90m 3 | [39m[36m@theme[39m [33m{[39m

    at Object.<anonymous> (/home/colors/bussola/progetto-bussola/node_modules/next/dist/build/webpack/loaders/css-loader/src/index.js??ruleSet[1].rules[14].oneOf[10].use[2]!/home/colors/bussola/progetto-bussola/node_modules/next/dist/build/webpack/loaders/postcss-loader/src/index.js??ruleSet[1].rules[14].oneOf[10].use[3]!/home/colors/bussola/progetto-bussola/src/app/globals.css:1:7)
    at /home/colors/bussola/progetto-bussola/node_modules/next/dist/compiled/webpack/bundle5.js:29:962717
    at Hook.eval [as call] (eval at create (/home/colors/bussola/progetto-bussola/node_modules/next/dist/compiled/webpack/bundle5.js:14:9002), <anonymous>:7:1)
    at Hook.CALL_DELEGATE [as _call] (/home/colors/bussola/progetto-bussola/node_modules/next/dist/compiled/webpack/bundle5.js:14:6272)
    at /home/colors/bussola/progetto-bussola/node_modules/next/dist/compiled/webpack/bundle5.js:29:131565
    at tryRunOrWebpackError (/home/colors/bussola/progetto-bussola/node_modules/next/dist/compiled/webpack/bundle5.js:29:316073)
    at __webpack_require_module__ (/home/colors/bussola/progetto-bussola/node_modules/next/dist/compiled/webpack/bundle5.js:29:131532)
    at __nested_webpack_require_161494__ (/home/colors/bussola/progetto-bussola/node_modules/next/dist/compiled/webpack/bundle5.js:29:130967)
    at /home/colors/bussola/progetto-bussola/node_modules/next/dist/compiled/webpack/bundle5.js:29:131824
    at symbolIterator (/home/colors/bussola/progetto-bussola/node_modules/next/dist/compiled/neo-async/async.js:1:14444)
    at done (/home/colors/bussola/progetto-bussola/node_modules/next/dist/compiled/neo-async/async.js:1:14824)
    at Hook.eval [as callAsync] (eval at create (/home/colors/bussola/progetto-bussola/node_modules/next/dist/compiled/webpack/bundle5.js:14:9224), <anonymous>:15:1)
    at Hook.CALL_ASYNC_DELEGATE [as _callAsync] (/home/colors/bussola/progetto-bussola/node_modules/next/dist/compiled/webpack/bundle5.js:14:6378)
    at /home/colors/bussola/progetto-bussola/node_modules/next/dist/compiled/webpack/bundle5.js:29:130687
    at symbolIterator (/home/colors/bussola/progetto-bussola/node_modules/next/dist/compiled/neo-async/async.js:1:14402)
    at timesSync (/home/colors/bussola/progetto-bussola/node_modules/next/dist/compiled/neo-async/async.js:1:5027)
    at Object.eachLimit (/home/colors/bussola/progetto-bussola/node_modules/next/dist/compiled/neo-async/async.js:1:14208)
    at /home/colors/bussola/progetto-bussola/node_modules/next/dist/compiled/webpack/bundle5.js:29:130247
    at symbolIterator (/home/colors/bussola/progetto-bussola/node_modules/next/dist/compiled/neo-async/async.js:1:14444)
    at timesSync (/home/colors/bussola/progetto-bussola/node_modules/next/dist/compiled/neo-async/async.js:1:5027)
    at Object.eachLimit (/home/colors/bussola/progetto-bussola/node_modules/next/dist/compiled/neo-async/async.js:1:14208)
    at /home/colors/bussola/progetto-bussola/node_modules/next/dist/compiled/webpack/bundle5.js:29:129985
    at symbolIterator (/home/colors/bussola/progetto-bussola/node_modules/next/dist/compiled/neo-async/async.js:1:14444)
    at done (/home/colors/bussola/progetto-bussola/node_modules/next/dist/compiled/neo-async/async.js:1:14824)
    at /home/colors/bussola/progetto-bussola/node_modules/next/dist/compiled/webpack/bundle5.js:29:129496
    at /home/colors/bussola/progetto-bussola/node_modules/next/dist/compiled/webpack/bundle5.js:29:110347
    at /home/colors/bussola/progetto-bussola/node_modules/next/dist/compiled/webpack/bundle5.js:29:16152
    at Array.<anonymous> (/home/colors/bussola/progetto-bussola/node_modules/next/dist/compiled/webpack/bundle5.js:29:551693)
    at /home/colors/bussola/progetto-bussola/node_modules/next/dist/compiled/webpack/bundle5.js:29:16144
    at eval (eval at create (/home/colors/bussola/progetto-bussola/node_modules/next/dist/compiled/webpack/bundle5.js:14:9224), <anonymous>:27:1)

Generated code for /home/colors/bussola/progetto-bussola/node_modules/next/dist/build/webpack/loaders/css-loader/src/index.js??ruleSet[1].rules[14].oneOf[10].use[2]!/home/colors/bussola/progetto-bussola/node_modules/next/dist/build/webpack/loaders/postcss-loader/src/index.js??ruleSet[1].rules[14].oneOf[10].use[3]!/home/colors/bussola/progetto-bussola/src/app/globals.css

Import trace for requested module:
./src/app/globals.css


> Build failed because of webpack errors
