
> progetto-bussola@0.1.0 build
> next build --webpack

⚠ Invalid next.config.ts options detected: 
⚠     Unrecognized key(s) in object: 'turbopack' at "experimental"
⚠ See more info here: https://nextjs.org/docs/messages/invalid-next-config
▲ Next.js 16.1.1 (webpack)

  Creating an optimized production build ...
> [PWA] Compile server
> [PWA] Compile server
> [PWA] Compile client (static)
> [PWA] Auto register service worker with: /home/colors/bussola/progetto-bussola/node_modules/next-pwa/register.js
> [PWA] Service worker: /home/colors/bussola/progetto-bussola/public/sw.js
> [PWA]   url: /sw.js
> [PWA]   scope: /
Error: Cannot apply unknown utility class `shadow-glass`
    at ignore-listed frames
<w> [webpack.cache.PackFileCacheStrategy] Skipped not serializable cache item 'Compilation/modules|/home/colors/bussola/progetto-bussola/node_modules/next/dist/build/webpack/loaders/css-loader/src/index.js??ruleSet[1].rules[15].oneOf[10].use[2]!/home/colors/bussola/progetto-bussola/node_modules/next/dist/build/webpack/loaders/postcss-loader/src/index.js??ruleSet[1].rules[15].oneOf[10].use[3]!/home/colors/bussola/progetto-bussola/src/app/globals.css': No serializer registered for PostCSSSyntaxError
<w> while serializing webpack/lib/cache/PackFileCacheStrategy.PackContentItems -> webpack/lib/NormalModule -> webpack/lib/ModuleBuildError -> PostCSSSyntaxError
Failed to compile.

./src/app/globals.css:1:1
Syntax error: tailwindcss: /home/colors/bussola/progetto-bussola/src/app/globals.css Cannot apply unknown utility class `shadow-glass`

> 1 | @import "tailwindcss";
    | ^
  2 | 
  3 | @theme {

./src/app/globals.css
Syntax error: tailwindcss: /home/colors/bussola/progetto-bussola/src/app/globals.css Cannot apply unknown utility class `shadow-glass` (1:1)

[1m[31m>[39m[22m[90m 1 | [39m[36m@import[39m [32m"tailwindcss"[39m[33m;[39m
 [90m   | [39m[1m[31m^[39m[22m
 [90m 2 | [39m
 [90m 3 | [39m[36m@theme[39m [33m{[39m

    at tryRunOrWebpackError (/home/colors/bussola/progetto-bussola/node_modules/next/dist/compiled/webpack/bundle5.js:29:316134)
    at __webpack_require_module__ (/home/colors/bussola/progetto-bussola/node_modules/next/dist/compiled/webpack/bundle5.js:29:131536)
    at __nested_webpack_require_161494__ (/home/colors/bussola/progetto-bussola/node_modules/next/dist/compiled/webpack/bundle5.js:29:130971)
    at /home/colors/bussola/progetto-bussola/node_modules/next/dist/compiled/webpack/bundle5.js:29:131828
    at symbolIterator (/home/colors/bussola/progetto-bussola/node_modules/next/dist/compiled/neo-async/async.js:1:14444)
    at done (/home/colors/bussola/progetto-bussola/node_modules/next/dist/compiled/neo-async/async.js:1:14824)
    at Hook.eval [as callAsync] (eval at create (/home/colors/bussola/progetto-bussola/node_modules/next/dist/compiled/webpack/bundle5.js:14:9224), <anonymous>:15:1)
    at Hook.CALL_ASYNC_DELEGATE [as _callAsync] (/home/colors/bussola/progetto-bussola/node_modules/next/dist/compiled/webpack/bundle5.js:14:6378)
    at /home/colors/bussola/progetto-bussola/node_modules/next/dist/compiled/webpack/bundle5.js:29:130691
    at symbolIterator (/home/colors/bussola/progetto-bussola/node_modules/next/dist/compiled/neo-async/async.js:1:14402)
-- inner error --
Syntax error: tailwindcss: /home/colors/bussola/progetto-bussola/src/app/globals.css Cannot apply unknown utility class `shadow-glass` (1:1)

[1m[31m>[39m[22m[90m 1 | [39m[36m@import[39m [32m"tailwindcss"[39m[33m;[39m
 [90m   | [39m[1m[31m^[39m[22m
 [90m 2 | [39m
 [90m 3 | [39m[36m@theme[39m [33m{[39m

    at Object.<anonymous> (/home/colors/bussola/progetto-bussola/node_modules/next/dist/build/webpack/loaders/css-loader/src/index.js??ruleSet[1].rules[15].oneOf[10].use[2]!/home/colors/bussola/progetto-bussola/node_modules/next/dist/build/webpack/loaders/postcss-loader/src/index.js??ruleSet[1].rules[15].oneOf[10].use[3]!/home/colors/bussola/progetto-bussola/src/app/globals.css:1:7)
    at /home/colors/bussola/progetto-bussola/node_modules/next/dist/compiled/webpack/bundle5.js:29:962757
    at Hook.eval [as call] (eval at create (/home/colors/bussola/progetto-bussola/node_modules/next/dist/compiled/webpack/bundle5.js:14:9002), <anonymous>:7:1)
    at Hook.CALL_DELEGATE [as _call] (/home/colors/bussola/progetto-bussola/node_modules/next/dist/compiled/webpack/bundle5.js:14:6272)
    at /home/colors/bussola/progetto-bussola/node_modules/next/dist/compiled/webpack/bundle5.js:29:131569
    at tryRunOrWebpackError (/home/colors/bussola/progetto-bussola/node_modules/next/dist/compiled/webpack/bundle5.js:29:316088)
    at __webpack_require_module__ (/home/colors/bussola/progetto-bussola/node_modules/next/dist/compiled/webpack/bundle5.js:29:131536)
    at __nested_webpack_require_161494__ (/home/colors/bussola/progetto-bussola/node_modules/next/dist/compiled/webpack/bundle5.js:29:130971)
    at /home/colors/bussola/progetto-bussola/node_modules/next/dist/compiled/webpack/bundle5.js:29:131828
    at symbolIterator (/home/colors/bussola/progetto-bussola/node_modules/next/dist/compiled/neo-async/async.js:1:14444)

Generated code for /home/colors/bussola/progetto-bussola/node_modules/next/dist/build/webpack/loaders/css-loader/src/index.js??ruleSet[1].rules[15].oneOf[10].use[2]!/home/colors/bussola/progetto-bussola/node_modules/next/dist/build/webpack/loaders/postcss-loader/src/index.js??ruleSet[1].rules[15].oneOf[10].use[3]!/home/colors/bussola/progetto-bussola/src/app/globals.css

Import trace for requested module:
./src/app/globals.css


> Build failed because of webpack errors
