src/components/layout/Sidebar.tsx(24,14): error TS17008: JSX element 'div' has no corresponding closing tag.
